
> orchestra@1.0.0 test
> vitest run


[7m[1m[36m RUN [39m[22m[27m [36mv1.6.1[39m [90mX:/Cloud Storage/Dropbox/Repositories/vs code/orchestra[39m

 [32mΓ£ô[39m test/core/check-executor.test.ts [2m ([22m[2m25 tests[22m[2m)[22m[90m 35[2mms[22m[39m
 [32mΓ£ô[39m test/integration/failure-path.test.ts [2m ([22m[2m11 tests[22m[2m)[22m[90m 58[2mms[22m[39m
 [2m[90mΓåô[39m[22m test/commands/status.test.ts [2m ([22m[2m20 tests[22m [2m|[22m [33m20 skipped[39m[2m)[22m
 [32mΓ£ô[39m test/core/pre-signal-executor.test.ts [2m ([22m[2m11 tests[22m[2m)[22m[90m 23[2mms[22m[39m
 [32mΓ£ô[39m test/core/config-generator.test.ts [2m ([22m[2m16 tests[22m[2m)[22m[90m 59[2mms[22m[39m
 [32mΓ£ô[39m test/core/types.test.ts [2m ([22m[2m21 tests[22m[2m)[22m[90m 18[2mms[22m[39m
 [2m[90mΓåô[39m[22m test/commands/init.test.ts [2m ([22m[2m27 tests[22m [2m|[22m [33m27 skipped[39m[2m)[22m
 [32mΓ£ô[39m test/core/errors.test.ts [2m ([22m[2m22 tests[22m[2m)[22m[90m 11[2mms[22m[39m
 [32mΓ£ô[39m test/core/artifact-validator.test.ts [2m ([22m[2m10 tests[22m[2m)[22m[90m 20[2mms[22m[39m
 [32mΓ£ô[39m test/mcp-server/role-filtering.test.ts [2m ([22m[2m12 tests[22m[2m)[22m[90m 6[2mms[22m[39m
 [32mΓ£ô[39m test/mcp-server/set-config.test.ts [2m ([22m[2m6 tests[22m[2m)[22m[90m 30[2mms[22m[39m
 [32mΓ£ô[39m test/core/command-executor.test.ts [2m ([22m[2m14 tests[22m[2m)[22m[33m 921[2mms[22m[39m
 [32mΓ£ô[39m test/db/connection.test.ts [2m ([22m[2m6 tests[22m[2m)[22m[33m 471[2mms[22m[39m
stderr | test/mcp-server/prepare-task-tdd.test.ts > prepare_task TDD Auto-Injection > should inject TDD check when require_tests=true and category matches
[TDD] Auto-injected test verification check for task 1 (INFRASTRUCTURE): [TDD] Test file required for "Database Migration" (INFRASTRUCTURE)

 [32mΓ£ô[39m test/core/pre-signal-check.test.ts [2m ([22m[2m21 tests[22m[2m)[22m[33m 7097[2mms[22m[39m
